// Jest Snapshot v1, https://goo.gl/fbAQLP

exports[`shall display a grid of robot cards correctly 1`] = `
<ul
  class="flex flex-wrap"
>
  <li
    class="mx-4 my-2"
  >
    <div
      class=" flex flex-col justify-center items-center w-3xs rounded-2xl bg-teal-200 transition delay-50 duration-300  ease-in-out  hover:-translate-y-1  hover:scale-110 hover:bg-teal-400 "
      id="1482363367071"
    >
      <img
        class="my-4"
        src="https://robohash.org/1482363367071?size=200x200"
      />
      <span
        class="grow flex flex-col justify-center items-center my-4"
      >
        <h2
          class="w-fit text-xl font-semibold font-[system-ui] text-black"
        >
          toto
        </h2>
        <p
          class="font-[system-ui] text-black font-medium"
        >
          toto@toto.com
        </p>
      </span>
    </div>
  </li>
  <li
    class="mx-4 my-2"
  >
    <div
      class=" flex flex-col justify-center items-center w-3xs rounded-2xl bg-teal-200 transition delay-50 duration-300  ease-in-out  hover:-translate-y-1  hover:scale-110 hover:bg-teal-400 "
      id="1482363367071"
    >
      <img
        class="my-4"
        src="https://robohash.org/1482363367071?size=200x200"
      />
      <span
        class="grow flex flex-col justify-center items-center my-4"
      >
        <h2
          class="w-fit text-xl font-semibold font-[system-ui] text-black"
        >
          tata
        </h2>
        <p
          class="font-[system-ui] text-black font-medium"
        >
          tata@tata.com
        </p>
      </span>
    </div>
  </li>
  <li
    class="mx-4 my-2"
  >
    <div
      class=" flex flex-col justify-center items-center w-3xs rounded-2xl bg-teal-200 transition delay-50 duration-300  ease-in-out  hover:-translate-y-1  hover:scale-110 hover:bg-teal-400 "
      id="1482363367071"
    >
      <img
        class="my-4"
        src="https://robohash.org/1482363367071?size=200x200"
      />
      <span
        class="grow flex flex-col justify-center items-center my-4"
      >
        <h2
          class="w-fit text-xl font-semibold font-[system-ui] text-black"
        >
          titi
        </h2>
        <p
          class="font-[system-ui] text-black font-medium"
        >
          titi@titi.com
        </p>
      </span>
    </div>
  </li>
  <li
    class="mx-4 my-2"
  >
    <div
      class=" flex flex-col justify-center items-center w-3xs rounded-2xl bg-teal-200 transition delay-50 duration-300  ease-in-out  hover:-translate-y-1  hover:scale-110 hover:bg-teal-400 "
      id="1482363367071"
    >
      <img
        class="my-4"
        src="https://robohash.org/1482363367071?size=200x200"
      />
      <span
        class="grow flex flex-col justify-center items-center my-4"
      >
        <h2
          class="w-fit text-xl font-semibold font-[system-ui] text-black"
        >
          tutu
        </h2>
        <p
          class="font-[system-ui] text-black font-medium"
        >
          tutu@tutu.com
        </p>
      </span>
    </div>
  </li>
</ul>
`;
